---
http_interactions:
- request:
    method: put
    uri: http://localhost:3200/source/foo++bar/_meta
    body:
      encoding: UTF-8
      string: |
        <project name="foo++bar">
          <title>In a Dry Season</title>
          <description/>
        </project>
    headers:
      Accept-Encoding:
      - gzip;q=1.0,deflate;q=0.6,identity;q=0.3
      Accept:
      - "*/*"
      User-Agent:
      - Ruby
  response:
    status:
      code: 200
      message: OK
    headers:
      Content-Type:
      - text/xml
      Cache-Control:
      - no-cache
      Connection:
      - close
      Content-Length:
      - '100'
    body:
      encoding: UTF-8
      string: |
        <project name="foo++bar">
          <title>In a Dry Season</title>
          <description></description>
        </project>
    http_version: 
  recorded_at: Wed, 22 Mar 2017 12:10:48 GMT
- request:
    method: put
    uri: http://localhost:3200/source/foo++bar/_config
    body:
      encoding: UTF-8
      string: In deserunt voluptatum. Sint qui dolor et recusandae. Harum et quidem
        nihil id et pariatur. Ex sint eligendi eos delectus.
    headers:
      Accept-Encoding:
      - gzip;q=1.0,deflate;q=0.6,identity;q=0.3
      Accept:
      - "*/*"
      User-Agent:
      - Ruby
  response:
    status:
      code: 200
      message: OK
    headers:
      Content-Type:
      - text/xml
      Cache-Control:
      - no-cache
      Connection:
      - close
      Content-Length:
      - '21'
    body:
      encoding: UTF-8
      string: '<status code="ok" />

'
    http_version: 
  recorded_at: Wed, 22 Mar 2017 12:10:48 GMT
- request:
    method: put
    uri: http://localhost:3200/source/foo++bar/some_package/_meta?user=_nobody_
    body:
      encoding: UTF-8
      string: |
        <package name="some_package" project="foo++bar">
          <title/>
          <description/>
        </package>
    headers:
      Accept-Encoding:
      - gzip;q=1.0,deflate;q=0.6,identity;q=0.3
      Accept:
      - "*/*"
      User-Agent:
      - Ruby
  response:
    status:
      code: 200
      message: OK
    headers:
      Content-Type:
      - text/xml
      Cache-Control:
      - no-cache
      Connection:
      - close
      Content-Length:
      - '108'
    body:
      encoding: UTF-8
      string: |
        <package name="some_package" project="foo++bar">
          <title></title>
          <description></description>
        </package>
    http_version: 
  recorded_at: Wed, 22 Mar 2017 12:10:48 GMT
- request:
    method: put
    uri: http://localhost:3200/source/foo++bar/some_package/_meta
    body:
      encoding: UTF-8
      string: |
        <package name="some_package" project="foo++bar">
          <title/>
          <description/>
        </package>
    headers:
      Accept-Encoding:
      - gzip;q=1.0,deflate;q=0.6,identity;q=0.3
      Accept:
      - "*/*"
      User-Agent:
      - Ruby
  response:
    status:
      code: 200
      message: OK
    headers:
      Content-Type:
      - text/xml
      Cache-Control:
      - no-cache
      Connection:
      - close
      Content-Length:
      - '108'
    body:
      encoding: UTF-8
      string: |
        <package name="some_package" project="foo++bar">
          <title></title>
          <description></description>
        </package>
    http_version: 
  recorded_at: Wed, 22 Mar 2017 12:10:48 GMT
- request:
    method: put
    uri: http://localhost:3200/source/home:tom/_meta?user=tom
    body:
      encoding: UTF-8
      string: |
        <project name="home:tom">
          <title/>
          <description/>
          <person userid="tom" role="maintainer"/>
        </project>
    headers:
      Accept-Encoding:
      - gzip;q=1.0,deflate;q=0.6,identity;q=0.3
      Accept:
      - "*/*"
      User-Agent:
      - Ruby
  response:
    status:
      code: 200
      message: OK
    headers:
      Content-Type:
      - text/xml
      Cache-Control:
      - no-cache
      Connection:
      - close
      Content-Length:
      - '129'
    body:
      encoding: UTF-8
      string: |
        <project name="home:tom">
          <title></title>
          <description></description>
          <person userid="tom" role="maintainer" />
        </project>
    http_version: 
  recorded_at: Wed, 22 Mar 2017 12:10:48 GMT
- request:
    method: put
    uri: http://localhost:3200/source/home:tom/my_package++special/_meta?user=_nobody_
    body:
      encoding: UTF-8
      string: |
        <package name="my_package++special" project="home:tom">
          <title/>
          <description/>
        </package>
    headers:
      Accept-Encoding:
      - gzip;q=1.0,deflate;q=0.6,identity;q=0.3
      Accept:
      - "*/*"
      User-Agent:
      - Ruby
  response:
    status:
      code: 200
      message: OK
    headers:
      Content-Type:
      - text/xml
      Cache-Control:
      - no-cache
      Connection:
      - close
      Content-Length:
      - '115'
    body:
      encoding: UTF-8
      string: |
        <package name="my_package++special" project="home:tom">
          <title></title>
          <description></description>
        </package>
    http_version: 
  recorded_at: Wed, 22 Mar 2017 12:10:48 GMT
- request:
    method: put
    uri: http://localhost:3200/source/home:tom/my_package++special/_meta
    body:
      encoding: UTF-8
      string: |
        <package name="my_package++special" project="home:tom">
          <title/>
          <description/>
        </package>
    headers:
      Accept-Encoding:
      - gzip;q=1.0,deflate;q=0.6,identity;q=0.3
      Accept:
      - "*/*"
      User-Agent:
      - Ruby
  response:
    status:
      code: 200
      message: OK
    headers:
      Content-Type:
      - text/xml
      Cache-Control:
      - no-cache
      Connection:
      - close
      Content-Length:
      - '115'
    body:
      encoding: UTF-8
      string: |
        <package name="my_package++special" project="home:tom">
          <title></title>
          <description></description>
        </package>
    http_version: 
  recorded_at: Wed, 22 Mar 2017 12:10:48 GMT
- request:
    method: get
    uri: http://localhost:3200/build/home:tom//i586/my_package++special/_jobstatus
    body:
      encoding: US-ASCII
      string: ''
    headers:
      Content-Type:
      - text/plain
      Accept-Encoding:
      - identity
      Accept:
      - "*/*"
      User-Agent:
      - Ruby
  response:
    status:
      code: 400
      message: repoid is empty
    headers:
      Content-Type:
      - text/xml
      Cache-Control:
      - no-cache
      Connection:
      - close
      Content-Length:
      - '67'
    body:
      encoding: UTF-8
      string: |
        <status code="400">
          <summary>repoid is empty</summary>
        </status>
    http_version: 
  recorded_at: Wed, 22 Mar 2017 12:10:48 GMT
- request:
    method: get
    uri: http://localhost:3200/build/foo++bar//i586/some_package/_jobstatus
    body:
      encoding: US-ASCII
      string: ''
    headers:
      Content-Type:
      - text/plain
      Accept-Encoding:
      - identity
      Accept:
      - "*/*"
      User-Agent:
      - Ruby
  response:
    status:
      code: 400
      message: repoid is empty
    headers:
      Content-Type:
      - text/xml
      Cache-Control:
      - no-cache
      Connection:
      - close
      Content-Length:
      - '67'
    body:
      encoding: UTF-8
      string: |
        <status code="400">
          <summary>repoid is empty</summary>
        </status>
    http_version: 
  recorded_at: Wed, 22 Mar 2017 12:15:08 GMT
- request:
    method: put
    uri: http://localhost:3200/source/home:tom/_meta?user=tom
    body:
      encoding: UTF-8
      string: |
        <project name="home:tom">
          <title/>
          <description/>
          <person userid="tom" role="maintainer"/>
          <repository name="leap_42.2">
            <arch>i586</arch>
          </repository>
        </project>
    headers:
      Accept-Encoding:
      - gzip;q=1.0,deflate;q=0.6,identity;q=0.3
      Accept:
      - "*/*"
      User-Agent:
      - Ruby
  response:
    status:
      code: 200
      message: OK
    headers:
      Content-Type:
      - text/xml
      Cache-Control:
      - no-cache
      Connection:
      - close
      Content-Length:
      - '199'
    body:
      encoding: UTF-8
      string: |
        <project name="home:tom">
          <title></title>
          <description></description>
          <person userid="tom" role="maintainer" />
          <repository name="leap_42.2">
            <arch>i586</arch>
          </repository>
        </project>
    http_version: 
  recorded_at: Tue, 11 Apr 2017 11:58:51 GMT
- request:
    method: put
    uri: http://localhost:3200/source/foo++bar/some_package/_meta?user=tom
    body:
      encoding: UTF-8
      string: |
        <package name="some_package" project="foo++bar">
          <title/>
          <description/>
        </package>
    headers:
      Accept-Encoding:
      - gzip;q=1.0,deflate;q=0.6,identity;q=0.3
      Accept:
      - "*/*"
      User-Agent:
      - Ruby
  response:
    status:
      code: 200
      message: OK
    headers:
      Content-Type:
      - text/xml
      Cache-Control:
      - no-cache
      Connection:
      - close
      Content-Length:
      - '108'
    body:
      encoding: UTF-8
      string: |
        <package name="some_package" project="foo++bar">
          <title></title>
          <description></description>
        </package>
    http_version: 
  recorded_at: Tue, 11 Apr 2017 11:58:51 GMT
- request:
    method: get
    uri: http://localhost:3200/build/foo++bar/10.3/i586/_builddepinfo?package=some_package&view=revpkgnames
    body:
      encoding: US-ASCII
      string: ''
    headers:
      Accept-Encoding:
      - gzip;q=1.0,deflate;q=0.6,identity;q=0.3
      Accept:
      - "*/*"
      User-Agent:
      - Ruby
  response:
    status:
      code: 404
      message: project 'foo++bar' has no repository '10.3'
    headers:
      Content-Type:
      - text/xml
      Cache-Control:
      - no-cache
      Connection:
      - close
      Content-Length:
      - '164'
    body:
      encoding: UTF-8
      string: |
        <status code="404">
          <summary>project 'foo++bar' has no repository '10.3'</summary>
          <details>404 project 'foo++bar' has no repository '10.3'</details>
        </status>
    http_version: 
  recorded_at: Tue, 11 Apr 2017 11:58:51 GMT
- request:
    method: get
    uri: http://localhost:3200/build/foo++bar/10.3/i586/some_package/_jobstatus
    body:
      encoding: US-ASCII
      string: ''
    headers:
      Content-Type:
      - text/plain
      Accept-Encoding:
      - identity
      Accept:
      - "*/*"
      User-Agent:
      - Ruby
  response:
    status:
      code: 404
      message: project 'foo++bar' has no repository '10.3'
    headers:
      Content-Type:
      - text/xml
      Cache-Control:
      - no-cache
      Connection:
      - close
      Content-Length:
      - '164'
    body:
      encoding: UTF-8
      string: |
        <status code="404">
          <summary>project 'foo++bar' has no repository '10.3'</summary>
          <details>404 project 'foo++bar' has no repository '10.3'</details>
        </status>
    http_version: 
  recorded_at: Tue, 11 Apr 2017 11:58:51 GMT
- request:
    method: get
    uri: http://localhost:3200/build/foo++bar/leap_45.2/i586/_builddepinfo?package=some_package&view=revpkgnames
    body:
      encoding: US-ASCII
      string: ''
    headers:
      Accept-Encoding:
      - gzip;q=1.0,deflate;q=0.6,identity;q=0.3
      Accept:
      - "*/*"
      User-Agent:
      - Ruby
  response:
    status:
      code: 404
      message: project 'foo++bar' does not exist
    headers:
      Content-Type:
      - text/xml
      Cache-Control:
      - no-cache
      Connection:
      - close
      Content-Length:
      - '144'
    body:
      encoding: UTF-8
      string: |
        <status code="404">
          <summary>project 'foo++bar' does not exist</summary>
          <details>404 project 'foo++bar' does not exist</details>
        </status>
    http_version: 
  recorded_at: Tue, 11 Apr 2017 15:17:38 GMT
- request:
    method: get
    uri: http://localhost:3200/build/foo++bar/leap_45.2/i586/some_package/_jobstatus
    body:
      encoding: US-ASCII
      string: ''
    headers:
      Content-Type:
      - text/plain
      Accept-Encoding:
      - identity
      Accept:
      - "*/*"
      User-Agent:
      - Ruby
  response:
    status:
      code: 404
      message: project 'foo++bar' does not exist
    headers:
      Content-Type:
      - text/xml
      Cache-Control:
      - no-cache
      Connection:
      - close
      Content-Length:
      - '144'
    body:
      encoding: UTF-8
      string: |
        <status code="404">
          <summary>project 'foo++bar' does not exist</summary>
          <details>404 project 'foo++bar' does not exist</details>
        </status>
    http_version: 
  recorded_at: Tue, 11 Apr 2017 15:17:38 GMT
- request:
    method: get
    uri: http://localhost:3200/build/foo++bar/leap_45.1/i586/_builddepinfo?package=some_package&view=revpkgnames
    body:
      encoding: US-ASCII
      string: ''
    headers:
      Accept-Encoding:
      - gzip;q=1.0,deflate;q=0.6,identity;q=0.3
      Accept:
      - "*/*"
      User-Agent:
      - Ruby
  response:
    status:
      code: 404
      message: project 'foo++bar' does not exist
    headers:
      Content-Type:
      - text/xml
      Cache-Control:
      - no-cache
      Connection:
      - close
      Content-Length:
      - '144'
    body:
      encoding: UTF-8
      string: |
        <status code="404">
          <summary>project 'foo++bar' does not exist</summary>
          <details>404 project 'foo++bar' does not exist</details>
        </status>
    http_version: 
  recorded_at: Wed, 12 Apr 2017 09:19:06 GMT
- request:
    method: get
    uri: http://localhost:3200/build/foo++bar/leap_45.1/i586/some_package/_jobstatus
    body:
      encoding: US-ASCII
      string: ''
    headers:
      Content-Type:
      - text/plain
      Accept-Encoding:
      - identity
      Accept:
      - "*/*"
      User-Agent:
      - Ruby
  response:
    status:
      code: 404
      message: project 'foo++bar' does not exist
    headers:
      Content-Type:
      - text/xml
      Cache-Control:
      - no-cache
      Connection:
      - close
      Content-Length:
      - '144'
    body:
      encoding: UTF-8
      string: |
        <status code="404">
          <summary>project 'foo++bar' does not exist</summary>
          <details>404 project 'foo++bar' does not exist</details>
        </status>
    http_version: 
  recorded_at: Wed, 12 Apr 2017 09:19:06 GMT
recorded_with: VCR 3.0.3
