---
http_interactions:
- request:
    method: put
    uri: http://localhost:3200/source/fake_project/_meta
    body:
      encoding: UTF-8
      string: |
        <project name="fake_project">
          <title>Fear and Trembling</title>
          <description/>
        </project>
    headers:
      Accept-Encoding:
      - gzip;q=1.0,deflate;q=0.6,identity;q=0.3
      Accept:
      - "*/*"
      User-Agent:
      - Ruby
  response:
    status:
      code: 200
      message: OK
    headers:
      Content-Type:
      - text/xml
      Cache-Control:
      - no-cache
      Connection:
      - close
      Content-Length:
      - '107'
    body:
      encoding: UTF-8
      string: |
        <project name="fake_project">
          <title>Fear and Trembling</title>
          <description></description>
        </project>
    http_version: 
  recorded_at: Wed, 14 Jun 2017 13:43:41 GMT
- request:
    method: put
    uri: http://localhost:3200/source/fake_project/_config
    body:
      encoding: UTF-8
      string: Asperiores natus enim est quia. Perferendis ut architecto nihil repellat
        aspernatur rerum. Eos autem atque vel sint. Velit debitis doloribus sapiente.
    headers:
      Accept-Encoding:
      - gzip;q=1.0,deflate;q=0.6,identity;q=0.3
      Accept:
      - "*/*"
      User-Agent:
      - Ruby
  response:
    status:
      code: 200
      message: OK
    headers:
      Content-Type:
      - text/xml
      Cache-Control:
      - no-cache
      Connection:
      - close
      Content-Length:
      - '21'
    body:
      encoding: UTF-8
      string: '<status code="ok" />

'
    http_version: 
  recorded_at: Wed, 14 Jun 2017 13:43:41 GMT
- request:
    method: put
    uri: http://localhost:3200/source/fake_project/fake_package/_meta?user=_nobody_
    body:
      encoding: UTF-8
      string: |
        <package name="fake_package" project="fake_project">
          <title>The Needle's Eye</title>
          <description>Vel hic voluptas autem.</description>
        </package>
    headers:
      Accept-Encoding:
      - gzip;q=1.0,deflate;q=0.6,identity;q=0.3
      Accept:
      - "*/*"
      User-Agent:
      - Ruby
  response:
    status:
      code: 200
      message: OK
    headers:
      Content-Type:
      - text/xml
      Cache-Control:
      - no-cache
      Connection:
      - close
      Content-Length:
      - '151'
    body:
      encoding: UTF-8
      string: |
        <package name="fake_package" project="fake_project">
          <title>The Needle's Eye</title>
          <description>Vel hic voluptas autem.</description>
        </package>
    http_version: 
  recorded_at: Wed, 14 Jun 2017 13:43:41 GMT
- request:
    method: put
    uri: http://localhost:3200/source/fake_project/fake_package/_meta
    body:
      encoding: UTF-8
      string: |
        <package name="fake_package" project="fake_project">
          <title>The Needle's Eye</title>
          <description>Vel hic voluptas autem.</description>
        </package>
    headers:
      Accept-Encoding:
      - gzip;q=1.0,deflate;q=0.6,identity;q=0.3
      Accept:
      - "*/*"
      User-Agent:
      - Ruby
  response:
    status:
      code: 200
      message: OK
    headers:
      Content-Type:
      - text/xml
      Cache-Control:
      - no-cache
      Connection:
      - close
      Content-Length:
      - '151'
    body:
      encoding: UTF-8
      string: |
        <package name="fake_package" project="fake_project">
          <title>The Needle's Eye</title>
          <description>Vel hic voluptas autem.</description>
        </package>
    http_version: 
  recorded_at: Wed, 14 Jun 2017 13:43:41 GMT
- request:
    method: get
    uri: http://localhost:3200/source/fake_project/fake_package
    body:
      encoding: US-ASCII
      string: ''
    headers:
      Accept-Encoding:
      - gzip;q=1.0,deflate;q=0.6,identity;q=0.3
      Accept:
      - "*/*"
      User-Agent:
      - Ruby
  response:
    status:
      code: 200
      message: OK
    headers:
      Content-Type:
      - text/xml
      Cache-Control:
      - no-cache
      Connection:
      - close
      Content-Length:
      - '87'
    body:
      encoding: UTF-8
      string: |
        <directory name="fake_package" srcmd5="d41d8cd98f00b204e9800998ecf8427e">
        </directory>
    http_version: 
  recorded_at: Wed, 14 Jun 2017 13:43:41 GMT
recorded_with: VCR 3.0.3
